// Jest Snapshot v1, https://goo.gl/fbAQLP

exports[`Map component snapshot Should correctly render Map component 1`] = `
<section
  className="cities__map map"
/>
`;
