// Jest Snapshot v1, https://goo.gl/fbAQLP

exports[`PremiumMarkDetails component snapshot Should correctly render PremiumMarkDetails component 1`] = `
<div
  className="property__mark"
>
  <span>
    Premium
  </span>
</div>
`;
