// Jest Snapshot v1, https://goo.gl/fbAQLP

exports[`MapCities component snapshot Should correctly render MapCities component 1`] = `
<section
  className="cities__map map"
/>
`;
