// Jest Snapshot v1, https://goo.gl/fbAQLP

exports[`Main component snapshot Should correctly render Main component 1`] = `
<div
  className="cities"
>
  <div
    className="cities__places-container container"
  >
    <section
      className="cities__places places"
    >
      <h2
        className="visually-hidden"
      >
        Places
      </h2>
      <b
        className="places__found"
      >
        2
         places to stay in 
        Amsterdam
      </b>
      <form
        action="#"
        className="places__sorting"
        method="get"
      >
        <span
          className="places__sorting-caption"
        >
          Sort by
        </span>
        <span
          className="places__sorting-type"
          onClick={[Function]}
          tabIndex={0}
        >
          Popular
          <svg
            className="places__sorting-arrow"
            height={4}
            width={7}
          >
            <use
              xlinkHref="#icon-arrow-select"
            />
          </svg>
        </span>
        <ul
          className="places__options places__options--custom "
        >
          <a
            href="/amsterdam?sort=Popular"
            onClick={[Function]}
          >
            <li
              className="places__option places__option--active"
              onClick={[Function]}
              tabIndex={0}
            >
              Popular
            </li>
          </a>
          <a
            href="/amsterdam?sort=Price: low to high"
            onClick={[Function]}
          >
            <li
              className="places__option "
              onClick={[Function]}
              tabIndex={0}
            >
              Price: low to high
            </li>
          </a>
          <a
            href="/amsterdam?sort=Price: high to low"
            onClick={[Function]}
          >
            <li
              className="places__option "
              onClick={[Function]}
              tabIndex={0}
            >
              Price: high to low
            </li>
          </a>
          <a
            href="/amsterdam?sort=Top rated first"
            onClick={[Function]}
          >
            <li
              className="places__option "
              onClick={[Function]}
              tabIndex={0}
            >
              Top rated first
            </li>
          </a>
        </ul>
      </form>
      <div
        className="tabs__content cities__places-list places__list"
      >
        <article
          className="cities__place-card place-card"
          onMouseEnter={[Function]}
          onMouseLeave={[Function]}
        >
          <div
            className="place-card__mark"
          >
            <span>
              Premium
            </span>
          </div>
          <div
            className="place-card__image-wrapper"
          >
            <a>
              <img
                alt="Place image"
                className="place-card__image"
                height={200}
                src="img/apartment-01.jpg"
                width={260}
              />
            </a>
          </div>
          <div
            className="place-card__info"
          >
            <div
              className="place-card__price-wrapper"
            >
              <div
                className="place-card__price"
              >
                <b
                  className="place-card__price-value"
                >
                  €
                  120
                </b>
                <span
                  className="place-card__price-text"
                >
                   / night
                </span>
              </div>
              <button
                className="place-card__bookmark-button button place-card__bookmark-button--active"
                onClick={[Function]}
                type="button"
              >
                <svg
                  className="place-card__bookmark-icon"
                  height={19}
                  width={18}
                >
                  <use
                    xlinkHref="#icon-bookmark"
                  />
                </svg>
                <span
                  className="visually-hidden"
                >
                  To bookmarks
                </span>
              </button>
            </div>
            <div
              className="place-card__rating rating"
            >
              <div
                className="place-card__stars rating__stars"
              >
                <span
                  style={
                    Object {
                      "width": "100%",
                    }
                  }
                />
                <span
                  className="visually-hidden"
                >
                  Rating
                </span>
              </div>
            </div>
            <h2
              className="place-card__name"
            >
              <a
                href="/offer/1"
                onClick={[Function]}
              >
                Beautiful & luxurious studio at great location
              </a>
            </h2>
            <p
              className="place-card__type"
            >
              Apartment
            </p>
          </div>
        </article>
        <article
          className="cities__place-card place-card"
          onMouseEnter={[Function]}
          onMouseLeave={[Function]}
        >
          <div
            className="place-card__image-wrapper"
          >
            <a>
              <img
                alt="Place image"
                className="place-card__image"
                height={200}
                src="img/apartment-02.jpg"
                width={260}
              />
            </a>
          </div>
          <div
            className="place-card__info"
          >
            <div
              className="place-card__price-wrapper"
            >
              <div
                className="place-card__price"
              >
                <b
                  className="place-card__price-value"
                >
                  €
                  99
                </b>
                <span
                  className="place-card__price-text"
                >
                   / night
                </span>
              </div>
              <button
                className="place-card__bookmark-button button place-card__bookmark-button--active"
                onClick={[Function]}
                type="button"
              >
                <svg
                  className="place-card__bookmark-icon"
                  height={19}
                  width={18}
                >
                  <use
                    xlinkHref="#icon-bookmark"
                  />
                </svg>
                <span
                  className="visually-hidden"
                >
                  To bookmarks
                </span>
              </button>
            </div>
            <div
              className="place-card__rating rating"
            >
              <div
                className="place-card__stars rating__stars"
              >
                <span
                  style={
                    Object {
                      "width": "80%",
                    }
                  }
                />
                <span
                  className="visually-hidden"
                >
                  Rating
                </span>
              </div>
            </div>
            <h2
              className="place-card__name"
            >
              <a
                href="/offer/2"
                onClick={[Function]}
              >
                Wood and stone place
              </a>
            </h2>
            <p
              className="place-card__type"
            >
              Private Room
            </p>
          </div>
        </article>
      </div>
    </section>
    <div
      className="cities__right-section"
    >
      <section
        className="cities__map map"
      />
    </div>
  </div>
</div>
`;
