// Jest Snapshot v1, https://goo.gl/fbAQLP

exports[`PriceCard component snapshot Should correctly render PriceCard component 1`] = `
<div
  className="place-card__price"
>
  <b
    className="place-card__price-value"
  >
    €
    300
  </b>
  <span
    className="place-card__price-text"
  >
     / night
  </span>
</div>
`;
