// Jest Snapshot v1, https://goo.gl/fbAQLP

exports[`NotFoundPage component snapshot Should correctly render NotFoundPage component 1`] = `
<div
  className="page-not-found"
>
  <div
    className="page-not-found__container"
  >
    <p
      className="page-not-found__number"
    >
      404
    </p>
    <h1
      className="page-not-found__title"
    >
      Page not found :(
    </h1>
    <button
      className="page-not-found__button"
    >
      <a
        href="/"
        onClick={[Function]}
      >
        go to the main page
      </a>
    </button>
  </div>
</div>
`;
