// Jest Snapshot v1, https://goo.gl/fbAQLP

exports[`Review component snapshot Should correctly render Review component 1`] = `
<section
  className="property__reviews reviews"
>
  <h2
    className="reviews__title"
  >
    Reviews Â· 
    <span
      className="reviews__amount"
    >
      10
    </span>
  </h2>
  <div
    className="some-children-node"
  >
    Review children node
  </div>
</section>
`;
