// Jest Snapshot v1, https://goo.gl/fbAQLP

exports[`GalleryItem component snapshot Should correctly render GalleryItem component 1`] = `
<div
  className="property__image-wrapper"
>
  <img
    alt="Photo studio"
    className="property__image"
    src="img/hotel.jpg"
  />
</div>
`;
