// Jest Snapshot v1, https://goo.gl/fbAQLP

exports[`withActiveItem HOC snapshot Should correctly render withActiveItem HOC 1`] = `
<div
  className="wrapped-component"
>
  Wrapped Component
</div>
`;
