// Jest Snapshot v1, https://goo.gl/fbAQLP

exports[`Loading component snapshot Should correctly render Loading component 1`] = `
<div
  className="lds-ring"
>
  <div />
  <div />
  <div />
  <div />
</div>
`;
