// Jest Snapshot v1, https://goo.gl/fbAQLP

exports[`MapDetails component snapshot Should correctly render MapDetails component 1`] = `
<section
  className="property__map map"
/>
`;
